// Jest Snapshot v1, https://goo.gl/fbAQLP

exports[`Unlock Wallet Guard render it renders correctly 1`] = `
<DocumentFragment>
  <div
    class="MuiBox-root MuiBox-root makeStyles-root"
  >
    <div
      class="MuiContainer-root MuiContainer-maxWidthLg"
    >
      <h1
        class="MuiTypography-root MuiTypography-h1 MuiTypography-colorTextPrimary MuiTypography-alignCenter"
      >
        404: The page you are looking for isnâ€™t here
      </h1>
      <h6
        class="MuiTypography-root MuiTypography-subtitle2 MuiTypography-colorTextSecondary MuiTypography-alignCenter"
      >
        You should never see this page. If you do, an engineer messed up.
      </h6>
      <div
        class="MuiBox-root MuiBox-root"
      >
        <a
          aria-disabled="false"
          class="MuiButtonBase-root MuiButton-root MuiButton-outlined MuiButton-outlinedSecondary"
          href="/"
          role="button"
          tabindex="0"
        >
          <span
            class="MuiButton-label"
          >
            Back to home
          </span>
          <span
            class="MuiTouchRipple-root"
          />
        </a>
      </div>
    </div>
  </div>
</DocumentFragment>
`;
